// Jest Snapshot v1, https://goo.gl/fbAQLP

exports[`ScrollButton.vue renders correct progress bar color 1`] = `
<div
  class="scroll-button"
>
   
  <progressbar-stub
    color="purple"
  />
</div>
`;
